// Jest Snapshot v1, https://goo.gl/fbAQLP

exports[`SortControl should match snapshot 1`] = `
<div
  className="d-flex align-items-center"
>
  <div>
    <label>
      Sort by
    </label>
  </div>
  <div
    className="m-1"
  >
    <select
      className="form-select"
      data-testid="sort-select"
      onChange={[Function]}
      value="release_date"
    >
      <option
        value="title"
      >
        Title
      </option>
      <option
        value="release_date"
      >
        Release date
      </option>
    </select>
  </div>
</div>
`;
