// Jest Snapshot v1, https://goo.gl/fbAQLP

exports[`MovieDetails should match snapshot 1`] = `
<div
  className="container"
  data-testid="movie-details"
>
  <div
    className="row"
  >
    <div
      className="col-md-3"
    >
      <img
        alt="Pulp Fiction"
        className="img-fluid"
        data-nimg="1"
        data-testid="movie-details-poster"
        decoding="async"
        height={500}
        loading="lazy"
        onError={[Function]}
        onLoad={[Function]}
        src="/_next/image?url=https%3A%2F%2Fimage.tmdb.org%2Ft%2Fp%2Fw500%2FdM2w364MScsjFf8pfMbaWUcWrR.jpg&w=640&q=75"
        srcSet="/_next/image?url=https%3A%2F%2Fimage.tmdb.org%2Ft%2Fp%2Fw500%2FdM2w364MScsjFf8pfMbaWUcWrR.jpg&w=256&q=75 1x, /_next/image?url=https%3A%2F%2Fimage.tmdb.org%2Ft%2Fp%2Fw500%2FdM2w364MScsjFf8pfMbaWUcWrR.jpg&w=640&q=75 2x"
        style={
          Object {
            "color": "transparent",
          }
        }
        width={250}
      />
    </div>
    <div
      className="col-md-9"
    >
      <div
        className="d-flex"
      >
        <span
          className="h3"
          data-testid="movie-details-title"
        >
          Pulp Fiction
        </span>
        <span
          className="h5 ms-4 border border-2 rounded-circle"
          data-testid="movie-details-vote"
        >
          8.3
        </span>
      </div>
      <div
        className="d-flex mb-4"
        data-testid="movie-details-genres"
      >
        Thriller, Crime
      </div>
      <div
        className="d-flex"
      >
        <span
          className="h5 text-danger"
          data-testid="movie-details-year"
        >
          1994
        </span>
        <span
          className="h5 ms-4 text-danger"
          data-testid="movie-details-runtime"
        >
          2h 34min
        </span>
      </div>
      <div
        className="d-flex h5 mt-4 text-start"
        data-testid="movie-details-overview"
      >
        A burger-loving hit man, his philosophical partner, a drug-addled gangster's moll and a washed-up boxer converge in this sprawling, comedic crime caper. Their adventures unfurl in three stories that ingeniously trip back and forth in time.
      </div>
    </div>
  </div>
</div>
`;
