// Jest Snapshot v1, https://goo.gl/fbAQLP

exports[`MovieForm should match snapshot 1`] = `
<form
  action="#"
  data-testid="edit-movie-form"
  noValidate={true}
  onReset={[Function]}
  onSubmit={[Function]}
>
  <div
    className="modal-body"
  >
    <div
      className="container"
    >
      <div
        className="row"
      >
        <div
          className="col"
        >
          <label
            className="form-label"
          >
            Title
          </label>
          <input
            className="form-control"
            name="title"
            onBlur={[Function]}
            onChange={[Function]}
            placeholder="Enter title"
            type="text"
            value="Pulp Fiction"
          />
        </div>
        <div
          className="col"
        >
          <label
            className="form-label"
          >
            Release date
          </label>
          <input
            className="form-control"
            name="release_date"
            onBlur={[Function]}
            onChange={[Function]}
            placeholder="Enter release date"
            type="text"
            value="1994-09-10"
          />
        </div>
      </div>
      <div
        className="row"
      >
        <div
          className="col"
        >
          <label
            className="form-label"
          >
            Movie URL
          </label>
          <input
            className="form-control"
            name="poster_path"
            onBlur={[Function]}
            onChange={[Function]}
            placeholder="https://"
            type="text"
            value="https://image.tmdb.org/t/p/w500/dM2w364MScsjFf8pfMbaWUcWrR.jpg"
          />
        </div>
        <div
          className="col"
        >
          <label
            className="form-label"
          >
            Rating
          </label>
          <input
            className="form-control"
            name="vote_average"
            onBlur={[Function]}
            onChange={[Function]}
            placeholder="7.8"
            type="number"
            value={8.3}
          />
        </div>
      </div>
      <div
        className="row"
      >
        <div
          className="col"
        >
          <label
            className="form-label"
          >
            Genre
          </label>
          <select
            className="form-control"
            multiple={true}
            name="genres"
            onBlur={[Function]}
            onChange={[Function]}
            value={
              Array [
                "Thriller",
                "Crime",
              ]
            }
          >
            <option
              value="Action"
            >
              Action
            </option>
            <option
              value="Adventure"
            >
              Adventure
            </option>
            <option
              value="Comedy"
            >
              Comedy
            </option>
            <option
              value="Crime"
            >
              Crime
            </option>
            <option
              value="Fantasy"
            >
              Fantasy
            </option>
            <option
              value="History"
            >
              History
            </option>
            <option
              value="Science Fiction"
            >
              Science Fiction
            </option>
            <option
              value="Thriller"
            >
              Thriller
            </option>
            <option
              value="Western"
            >
              Western
            </option>
          </select>
        </div>
        <div
          className="col"
        >
          <label
            className="form-label"
          >
            Runtime
          </label>
          <input
            className="form-control"
            name="runtime"
            onBlur={[Function]}
            onChange={[Function]}
            placeholder="minutes"
            type="number"
            value={154}
          />
        </div>
      </div>
      <div
        className="row"
      >
        <div
          className="col"
        >
          <label
            className="form-label"
          >
            Overview
          </label>
          <textarea
            className="form-control"
            name="overview"
            onBlur={[Function]}
            onChange={[Function]}
            placeholder="Movie description"
            value="A burger-loving hit man, his philosophical partner, a drug-addled gangster's moll and a washed-up boxer converge in this sprawling, comedic crime caper. Their adventures unfurl in three stories that ingeniously trip back and forth in time."
          />
        </div>
      </div>
    </div>
  </div>
  <div
    className="modal-footer"
  >
    <button
      className="btn btn-secondary"
      disabled={false}
      type="reset"
    >
      Reset
    </button>
    <button
      className="btn btn-primary"
      disabled={false}
      type="submit"
    >
      Submit
    </button>
  </div>
</form>
`;
